Computing F_150000000000
spill  fa_38                         0.0 MB    0.00 s      0 MB/s
spill  fb_38                         0.0 MB    0.00 s      0 MB/s
fib    n=1                     step odd
reload fb_38.bin                     0.0 MB    0.00 s      1 MB/s
spill  2b_38                         0.0 MB    0.00 s      0 MB/s
reload 2b_38.bin                     0.0 MB    0.00 s      1 MB/s
reload fa_38.bin                     0.0 MB    0.00 s      1 MB/s
spill  2bma_38                       0.0 MB    0.00 s      0 MB/s
mul    c_38                      0.0 + 0.0 MB  (direct)
reload fa_38.bin                     0.0 MB    0.00 s      1 MB/s
reload 2bma_38.bin                   0.0 MB    0.00 s      1 MB/s
spill  c_38                          0.0 MB    0.00 s      0 MB/s
mul    c_38                      done  0.00 s
reload fa_38.bin                     0.0 MB    0.00 s      1 MB/s
spill  a2_38                         0.0 MB    0.00 s      0 MB/s
reload fb_38.bin                     0.0 MB    0.00 s      1 MB/s
spill  b2_38                         0.0 MB    0.00 s      0 MB/s
reload a2_38.bin                     0.0 MB    0.00 s      1 MB/s
reload b2_38.bin                     0.0 MB    0.00 s      1 MB/s
spill  d_38                          0.0 MB    0.00 s      0 MB/s
reload c_38.bin                      0.0 MB    0.00 s      1 MB/s
reload d_38.bin                      0.0 MB    0.00 s      1 MB/s
spill  cd_38                         0.0 MB    0.00 s      0 MB/s
reload d_38.bin                      0.0 MB    0.00 s      1 MB/s
reload cd_38.bin                     0.0 MB    0.00 s      1 MB/s
spill  fa_37                         0.0 MB    0.00 s      0 MB/s
spill  fb_37                         0.0 MB    0.00 s      0 MB/s
fib    n=1                     done  0.00 s
fib    n=2                     step even
reload fb_37.bin                     0.0 MB    0.00 s      1 MB/s
spill  2b_37                         0.0 MB    0.00 s      0 MB/s
reload 2b_37.bin                     0.0 MB    0.00 s      1 MB/s
reload fa_37.bin                     0.0 MB    0.00 s      1 MB/s
spill  2bma_37                       0.0 MB    0.00 s      0 MB/s
mul    c_37                      0.0 + 0.0 MB  (direct)
reload fa_37.bin                     0.0 MB    0.00 s      1 MB/s
reload 2bma_37.bin                   0.0 MB    0.00 s      1 MB/s
spill  c_37                          0.0 MB    0.00 s      0 MB/s
mul    c_37                      done  0.00 s
reload fa_37.bin                     0.0 MB    0.00 s      1 MB/s
spill  a2_37                         0.0 MB    0.00 s      0 MB/s
reload fb_37.bin                     0.0 MB    0.00 s      1 MB/s
spill  b2_37                         0.0 MB    0.00 s      0 MB/s
reload a2_37.bin                     0.0 MB    0.00 s      1 MB/s
reload b2_37.bin                     0.0 MB    0.00 s      1 MB/s
spill  d_37                          0.0 MB    0.00 s      0 MB/s
reload c_37.bin                      0.0 MB    0.00 s      1 MB/s
reload d_37.bin                      0.0 MB    0.00 s      1 MB/s
spill  fa_36                         0.0 MB    0.00 s      0 MB/s
spill  fb_36                         0.0 MB    0.00 s      0 MB/s
fib    n=2                     done  0.00 s
fib    n=4                     step even
reload fb_36.bin                     0.0 MB    0.00 s      1 MB/s
spill  2b_36                         0.0 MB    0.00 s      0 MB/s
reload 2b_36.bin                     0.0 MB    0.00 s      1 MB/s
reload fa_36.bin                     0.0 MB    0.00 s      1 MB/s
spill  2bma_36                       0.0 MB    0.00 s      0 MB/s
mul    c_36                      0.0 + 0.0 MB  (direct)
reload fa_36.bin                     0.0 MB    0.00 s      1 MB/s
reload 2bma_36.bin                   0.0 MB    0.00 s      1 MB/s
spill  c_36                          0.0 MB    0.00 s      0 MB/s
mul    c_36                      done  0.00 s
reload fa_36.bin                     0.0 MB    0.00 s      1 MB/s
spill  a2_36                         0.0 MB    0.00 s      0 MB/s
reload fb_36.bin                     0.0 MB    0.00 s      1 MB/s
spill  b2_36                         0.0 MB    0.00 s      0 MB/s
reload a2_36.bin                     0.0 MB    0.00 s      1 MB/s
reload b2_36.bin                     0.0 MB    0.00 s      1 MB/s
spill  d_36                          0.0 MB    0.00 s      0 MB/s
reload c_36.bin                      0.0 MB    0.00 s      1 MB/s
reload d_36.bin                      0.0 MB    0.00 s      1 MB/s
spill  fa_35                         0.0 MB    0.00 s      0 MB/s
spill  fb_35                         0.0 MB    0.00 s      0 MB/s
fib    n=4                     done  0.00 s
fib    n=8                     step even
reload fb_35.bin                     0.0 MB    0.00 s      1 MB/s
spill  2b_35                         0.0 MB    0.00 s      0 MB/s
reload 2b_35.bin                     0.0 MB    0.00 s      1 MB/s
reload fa_35.bin                     0.0 MB    0.00 s      1 MB/s
spill  2bma_35                       0.0 MB    0.00 s      0 MB/s
mul    c_35                      0.0 + 0.0 MB  (direct)
reload fa_35.bin                     0.0 MB    0.00 s      1 MB/s
reload 2bma_35.bin                   0.0 MB    0.00 s      1 MB/s
spill  c_35                          0.0 MB    0.00 s      0 MB/s
mul    c_35                      done  0.00 s
reload fa_35.bin                     0.0 MB    0.00 s      1 MB/s
spill  a2_35                         0.0 MB    0.00 s      0 MB/s
reload fb_35.bin                     0.0 MB    0.00 s      1 MB/s
spill  b2_35                         0.0 MB    0.00 s      0 MB/s
reload a2_35.bin                     0.0 MB    0.00 s      1 MB/s
reload b2_35.bin                     0.0 MB    0.00 s      1 MB/s
spill  d_35                          0.0 MB    0.00 s      0 MB/s
reload c_35.bin                      0.0 MB    0.00 s      1 MB/s
reload d_35.bin                      0.0 MB    0.00 s      1 MB/s
spill  fa_34                         0.0 MB    0.00 s      0 MB/s
spill  fb_34                         0.0 MB    0.00 s      0 MB/s
fib    n=8                     done  0.00 s
fib    n=17                    step odd
reload fb_34.bin                     0.0 MB    0.00 s      1 MB/s
spill  2b_34                         0.0 MB    0.00 s      0 MB/s
reload 2b_34.bin                     0.0 MB    0.00 s      1 MB/s
reload fa_34.bin                     0.0 MB    0.00 s      1 MB/s
spill  2bma_34                       0.0 MB    0.00 s      0 MB/s
mul    c_34                      0.0 + 0.0 MB  (direct)
reload fa_34.bin                     0.0 MB    0.00 s      1 MB/s
reload 2bma_34.bin                   0.0 MB    0.00 s      1 MB/s
spill  c_34                          0.0 MB    0.00 s      0 MB/s
mul    c_34                      done  0.00 s
reload fa_34.bin                     0.0 MB    0.00 s      1 MB/s
spill  a2_34                         0.0 MB    0.00 s      0 MB/s
reload fb_34.bin                     0.0 MB    0.00 s      1 MB/s
spill  b2_34                         0.0 MB    0.00 s      0 MB/s
reload a2_34.bin                     0.0 MB    0.00 s      1 MB/s
reload b2_34.bin                     0.0 MB    0.00 s      1 MB/s
spill  d_34                          0.0 MB    0.00 s      0 MB/s
reload c_34.bin                      0.0 MB    0.00 s      1 MB/s
reload d_34.bin                      0.0 MB    0.00 s      1 MB/s
spill  cd_34                         0.0 MB    0.00 s      0 MB/s
reload d_34.bin                      0.0 MB    0.00 s      1 MB/s
reload cd_34.bin                     0.0 MB    0.00 s      1 MB/s
spill  fa_33                         0.0 MB    0.00 s      0 MB/s
spill  fb_33                         0.0 MB    0.00 s      0 MB/s
fib    n=17                    done  0.00 s
fib    n=34                    step even
reload fb_33.bin                     0.0 MB    0.00 s      1 MB/s
spill  2b_33                         0.0 MB    0.00 s      0 MB/s
reload 2b_33.bin                     0.0 MB    0.00 s      1 MB/s
reload fa_33.bin                     0.0 MB    0.00 s      1 MB/s
spill  2bma_33                       0.0 MB    0.00 s      0 MB/s
mul    c_33                      0.0 + 0.0 MB  (direct)
reload fa_33.bin                     0.0 MB    0.00 s      1 MB/s
reload 2bma_33.bin                   0.0 MB    0.00 s      1 MB/s
spill  c_33                          0.0 MB    0.00 s      0 MB/s
mul    c_33                      done  0.00 s
reload fa_33.bin                     0.0 MB    0.00 s      1 MB/s
spill  a2_33                         0.0 MB    0.00 s      0 MB/s
reload fb_33.bin                     0.0 MB    0.00 s      1 MB/s
spill  b2_33                         0.0 MB    0.00 s      0 MB/s
reload a2_33.bin                     0.0 MB    0.00 s      1 MB/s
reload b2_33.bin                     0.0 MB    0.00 s      1 MB/s
spill  d_33                          0.0 MB    0.00 s      0 MB/s
reload c_33.bin                      0.0 MB    0.00 s      1 MB/s
reload d_33.bin                      0.0 MB    0.00 s      1 MB/s
spill  fa_32                         0.0 MB    0.00 s      0 MB/s
spill  fb_32                         0.0 MB    0.00 s      0 MB/s
fib    n=34                    done  0.00 s
fib    n=69                    step odd
reload fb_32.bin                     0.0 MB    0.00 s      1 MB/s
spill  2b_32                         0.0 MB    0.00 s      0 MB/s
reload 2b_32.bin                     0.0 MB    0.00 s      1 MB/s
reload fa_32.bin                     0.0 MB    0.00 s      1 MB/s
spill  2bma_32                       0.0 MB    0.00 s      0 MB/s
mul    c_32                      0.0 + 0.0 MB  (direct)
reload fa_32.bin                     0.0 MB    0.00 s      1 MB/s
reload 2bma_32.bin                   0.0 MB    0.00 s      1 MB/s
spill  c_32                          0.0 MB    0.00 s      0 MB/s
mul    c_32                      done  0.00 s
reload fa_32.bin                     0.0 MB    0.00 s      1 MB/s
spill  a2_32                         0.0 MB    0.00 s      0 MB/s
reload fb_32.bin                     0.0 MB    0.00 s      1 MB/s
spill  b2_32                         0.0 MB    0.00 s      0 MB/s
reload a2_32.bin                     0.0 MB    0.00 s      1 MB/s
reload b2_32.bin                     0.0 MB    0.00 s      1 MB/s
spill  d_32                          0.0 MB    0.00 s      0 MB/s
reload c_32.bin                      0.0 MB    0.00 s      1 MB/s
reload d_32.bin                      0.0 MB    0.00 s      1 MB/s
spill  cd_32                         0.0 MB    0.00 s      0 MB/s
reload d_32.bin                      0.0 MB    0.00 s      1 MB/s
reload cd_32.bin                     0.0 MB    0.00 s      1 MB/s
spill  fa_31                         0.0 MB    0.00 s      0 MB/s
spill  fb_31                         0.0 MB    0.00 s      0 MB/s
fib    n=69                    done  0.00 s
fib    n=139                   step odd
reload fb_31.bin                     0.0 MB    0.00 s      1 MB/s
spill  2b_31                         0.0 MB    0.00 s      0 MB/s
reload 2b_31.bin                     0.0 MB    0.00 s      1 MB/s
reload fa_31.bin                     0.0 MB    0.00 s      1 MB/s
spill  2bma_31                       0.0 MB    0.00 s      0 MB/s
mul    c_31                      0.0 + 0.0 MB  (direct)
reload fa_31.bin                     0.0 MB    0.00 s      1 MB/s
reload 2bma_31.bin                   0.0 MB    0.00 s      1 MB/s
spill  c_31                          0.0 MB    0.00 s      1 MB/s
mul    c_31                      done  0.00 s
reload fa_31.bin                     0.0 MB    0.00 s      1 MB/s
spill  a2_31                         0.0 MB    0.00 s      1 MB/s
reload fb_31.bin                     0.0 MB    0.00 s      1 MB/s
spill  b2_31                         0.0 MB    0.00 s      1 MB/s
reload a2_31.bin                     0.0 MB    0.00 s      2 MB/s
reload b2_31.bin                     0.0 MB    0.00 s      2 MB/s
spill  d_31                          0.0 MB    0.00 s      1 MB/s
reload c_31.bin                      0.0 MB    0.00 s      2 MB/s
reload d_31.bin                      0.0 MB    0.00 s      3 MB/s
spill  cd_31                         0.0 MB    0.00 s      1 MB/s
reload d_31.bin                      0.0 MB    0.00 s      2 MB/s
reload cd_31.bin                     0.0 MB    0.00 s      2 MB/s
spill  fa_30                         0.0 MB    0.00 s      1 MB/s
spill  fb_30                         0.0 MB    0.00 s      1 MB/s
fib    n=139                   done  0.00 s
fib    n=279                   step odd
reload fb_30.bin                     0.0 MB    0.00 s      2 MB/s
spill  2b_30                         0.0 MB    0.00 s      1 MB/s
reload 2b_30.bin                     0.0 MB    0.00 s      2 MB/s
reload fa_30.bin                     0.0 MB    0.00 s      3 MB/s
spill  2bma_30                       0.0 MB    0.00 s      1 MB/s
mul    c_30                      0.0 + 0.0 MB  (direct)
reload fa_30.bin                     0.0 MB    0.00 s      2 MB/s
reload 2bma_30.bin                   0.0 MB    0.00 s      3 MB/s
spill  c_30                          0.0 MB    0.00 s      1 MB/s
mul    c_30                      done  0.00 s
reload fa_30.bin                     0.0 MB    0.00 s      2 MB/s
spill  a2_30                         0.0 MB    0.00 s      1 MB/s
reload fb_30.bin                     0.0 MB    0.00 s      2 MB/s
spill  b2_30                         0.0 MB    0.00 s      2 MB/s
reload a2_30.bin                     0.0 MB    0.00 s      3 MB/s
reload b2_30.bin                     0.0 MB    0.00 s      5 MB/s
spill  d_30                          0.0 MB    0.00 s      2 MB/s
reload c_30.bin                      0.0 MB    0.00 s      3 MB/s
reload d_30.bin                      0.0 MB    0.00 s      5 MB/s
spill  cd_30                         0.0 MB    0.00 s      2 MB/s
reload d_30.bin                      0.0 MB    0.00 s      4 MB/s
reload cd_30.bin                     0.0 MB    0.00 s      5 MB/s
spill  fa_29                         0.0 MB    0.00 s      2 MB/s
spill  fb_29                         0.0 MB    0.00 s      2 MB/s
fib    n=279                   done  0.00 s
fib    n=558                   step even
reload fb_29.bin                     0.0 MB    0.00 s      4 MB/s
spill  2b_29                         0.0 MB    0.00 s      2 MB/s
reload 2b_29.bin                     0.0 MB    0.00 s      4 MB/s
reload fa_29.bin                     0.0 MB    0.00 s      5 MB/s
spill  2bma_29                       0.0 MB    0.00 s      2 MB/s
mul    c_29                      0.0 + 0.0 MB  (direct)
reload fa_29.bin                     0.0 MB    0.00 s      3 MB/s
reload 2bma_29.bin                   0.0 MB    0.00 s      5 MB/s
spill  c_29                          0.0 MB    0.00 s      3 MB/s
mul    c_29                      done  0.00 s
reload fa_29.bin                     0.0 MB    0.00 s      4 MB/s
spill  a2_29                         0.0 MB    0.00 s      3 MB/s
reload fb_29.bin                     0.0 MB    0.00 s      4 MB/s
spill  b2_29                         0.0 MB    0.00 s      3 MB/s
reload a2_29.bin                     0.0 MB    0.00 s      7 MB/s
reload b2_29.bin                     0.0 MB    0.00 s      9 MB/s
spill  d_29                          0.0 MB    0.00 s      3 MB/s
reload c_29.bin                      0.0 MB    0.00 s      7 MB/s
reload d_29.bin                      0.0 MB    0.00 s      8 MB/s
spill  fa_28                         0.0 MB    0.00 s      3 MB/s
spill  fb_28                         0.0 MB    0.00 s      3 MB/s
fib    n=558                   done  0.00 s
fib    n=1117                  step odd
reload fb_28.bin                     0.0 MB    0.00 s      7 MB/s
spill  2b_28                         0.0 MB    0.00 s      3 MB/s
reload 2b_28.bin                     0.0 MB    0.00 s      8 MB/s
reload fa_28.bin                     0.0 MB    0.00 s     10 MB/s
spill  2bma_28                       0.0 MB    0.00 s      3 MB/s
mul    c_28                      0.0 + 0.0 MB  (direct)
reload fa_28.bin                     0.0 MB    0.00 s      6 MB/s
reload 2bma_28.bin                   0.0 MB    0.00 s      9 MB/s
spill  c_28                          0.0 MB    0.00 s      5 MB/s
mul    c_28                      done  0.00 s
reload fa_28.bin                     0.0 MB    0.00 s      6 MB/s
spill  a2_28                         0.0 MB    0.00 s      5 MB/s
reload fb_28.bin                     0.0 MB    0.00 s      6 MB/s
spill  b2_28                         0.0 MB    0.00 s      5 MB/s
reload a2_28.bin                     0.0 MB    0.00 s     12 MB/s
reload b2_28.bin                     0.0 MB    0.00 s     16 MB/s
spill  d_28                          0.0 MB    0.00 s      5 MB/s
reload c_28.bin                      0.0 MB    0.00 s     12 MB/s
reload d_28.bin                      0.0 MB    0.00 s     16 MB/s
spill  cd_28                         0.0 MB    0.00 s      5 MB/s
reload d_28.bin                      0.0 MB    0.00 s     12 MB/s
reload cd_28.bin                     0.0 MB    0.00 s     14 MB/s
spill  fa_27                         0.0 MB    0.00 s      5 MB/s
spill  fb_27                         0.0 MB    0.00 s      5 MB/s
fib    n=1117                  done  0.00 s
fib    n=2235                  step odd
reload fb_27.bin                     0.0 MB    0.00 s     13 MB/s
spill  2b_27                         0.0 MB    0.00 s      5 MB/s
reload 2b_27.bin                     0.0 MB    0.00 s     14 MB/s
reload fa_27.bin                     0.0 MB    0.00 s     16 MB/s
spill  2bma_27                       0.0 MB    0.00 s      6 MB/s
mul    c_27                      0.0 + 0.0 MB  (direct)
reload fa_27.bin                     0.0 MB    0.00 s     11 MB/s
reload 2bma_27.bin                   0.0 MB    0.00 s     18 MB/s
spill  c_27                          0.0 MB    0.00 s      9 MB/s
mul    c_27                      done  0.00 s
reload fa_27.bin                     0.0 MB    0.00 s     12 MB/s
spill  a2_27                         0.0 MB    0.00 s      9 MB/s
reload fb_27.bin                     0.0 MB    0.00 s     11 MB/s
spill  b2_27                         0.0 MB    0.00 s     10 MB/s
reload a2_27.bin                     0.0 MB    0.00 s     22 MB/s
reload b2_27.bin                     0.0 MB    0.00 s     19 MB/s
spill  d_27                          0.0 MB    0.00 s      9 MB/s
reload c_27.bin                      0.0 MB    0.00 s     22 MB/s
reload d_27.bin                      0.0 MB    0.00 s     31 MB/s
spill  cd_27                         0.0 MB    0.00 s     10 MB/s
reload d_27.bin                      0.0 MB    0.00 s     22 MB/s
reload cd_27.bin                     0.0 MB    0.00 s     28 MB/s
spill  fa_26                         0.0 MB    0.00 s     10 MB/s
spill  fb_26                         0.0 MB    0.00 s     10 MB/s
fib    n=2235                  done  0.00 s
fib    n=4470                  step even
reload fb_26.bin                     0.0 MB    0.00 s     25 MB/s
spill  2b_26                         0.0 MB    0.00 s     10 MB/s
reload 2b_26.bin                     0.0 MB    0.00 s     24 MB/s
reload fa_26.bin                     0.0 MB    0.00 s     34 MB/s
spill  2bma_26                       0.0 MB    0.00 s     10 MB/s
mul    c_26                      0.0 + 0.0 MB  (direct)
reload fa_26.bin                     0.0 MB    0.00 s     21 MB/s
reload 2bma_26.bin                   0.0 MB    0.00 s     33 MB/s
spill  c_26                          0.0 MB    0.00 s     19 MB/s
mul    c_26                      done  0.00 s
reload fa_26.bin                     0.0 MB    0.00 s     23 MB/s
spill  a2_26                         0.0 MB    0.00 s     18 MB/s
reload fb_26.bin                     0.0 MB    0.00 s     20 MB/s
spill  b2_26                         0.0 MB    0.00 s     19 MB/s
reload a2_26.bin                     0.0 MB    0.00 s     44 MB/s
reload b2_26.bin                     0.0 MB    0.00 s     56 MB/s
spill  d_26                          0.0 MB    0.00 s     12 MB/s
reload c_26.bin                      0.0 MB    0.00 s     45 MB/s
reload d_26.bin                      0.0 MB    0.00 s     56 MB/s
spill  fa_25                         0.0 MB    0.00 s     18 MB/s
spill  fb_25                         0.0 MB    0.00 s     20 MB/s
fib    n=4470                  done  0.00 s
fib    n=8940                  step even
reload fb_25.bin                     0.0 MB    0.00 s     48 MB/s
spill  2b_25                         0.0 MB    0.00 s     20 MB/s
reload 2b_25.bin                     0.0 MB    0.00 s     21 MB/s
reload fa_25.bin                     0.0 MB    0.00 s     36 MB/s
spill  2bma_25                       0.0 MB    0.00 s     18 MB/s
mul    c_25                      0.0 + 0.0 MB  (direct)
reload fa_25.bin                     0.0 MB    0.00 s     39 MB/s
reload 2bma_25.bin                   0.0 MB    0.00 s     64 MB/s
spill  c_25                          0.0 MB    0.00 s     29 MB/s
mul    c_25                      done  0.00 s
reload fa_25.bin                     0.0 MB    0.00 s     41 MB/s
spill  a2_25                         0.0 MB    0.00 s     31 MB/s
reload fb_25.bin                     0.0 MB    0.00 s     38 MB/s
spill  b2_25                         0.0 MB    0.00 s     37 MB/s
reload a2_25.bin                     0.0 MB    0.00 s     89 MB/s
reload b2_25.bin                     0.0 MB    0.00 s    121 MB/s
spill  d_25                          0.0 MB    0.00 s     32 MB/s
reload c_25.bin                      0.0 MB    0.00 s     88 MB/s
reload d_25.bin                      0.0 MB    0.00 s    102 MB/s
spill  fa_24                         0.0 MB    0.00 s     36 MB/s
spill  fb_24                         0.0 MB    0.00 s     41 MB/s
fib    n=8940                  done  0.00 s
fib    n=17881                 step odd
reload fb_24.bin                     0.0 MB    0.00 s     98 MB/s
spill  2b_24                         0.0 MB    0.00 s     37 MB/s
reload 2b_24.bin                     0.0 MB    0.00 s    101 MB/s
reload fa_24.bin                     0.0 MB    0.00 s    135 MB/s
spill  2bma_24                       0.0 MB    0.00 s     41 MB/s
mul    c_24                      0.0 + 0.0 MB  (direct)
reload fa_24.bin                     0.0 MB    0.00 s     80 MB/s
reload 2bma_24.bin                   0.0 MB    0.00 s    124 MB/s
spill  c_24                          0.0 MB    0.00 s     63 MB/s
mul    c_24                      done  0.00 s
reload fa_24.bin                     0.0 MB    0.00 s     86 MB/s
spill  a2_24                         0.0 MB    0.00 s     69 MB/s
reload fb_24.bin                     0.0 MB    0.00 s     82 MB/s
spill  b2_24                         0.0 MB    0.00 s     73 MB/s
reload a2_24.bin                     0.0 MB    0.00 s    172 MB/s
reload b2_24.bin                     0.0 MB    0.00 s    162 MB/s
spill  d_24                          0.0 MB    0.00 s     71 MB/s
reload c_24.bin                      0.0 MB    0.00 s    176 MB/s
reload d_24.bin                      0.0 MB    0.00 s    241 MB/s
spill  cd_24                         0.0 MB    0.00 s     71 MB/s
reload d_24.bin                      0.0 MB    0.00 s    163 MB/s
reload cd_24.bin                     0.0 MB    0.00 s    204 MB/s
spill  fa_23                         0.0 MB    0.00 s     73 MB/s
spill  fb_23                         0.0 MB    0.00 s     80 MB/s
fib    n=17881                 done  0.00 s
fib    n=35762                 step even
reload fb_23.bin                     0.0 MB    0.00 s    195 MB/s
spill  2b_23                         0.0 MB    0.00 s     72 MB/s
reload 2b_23.bin                     0.0 MB    0.00 s    190 MB/s
reload fa_23.bin                     0.0 MB    0.00 s    207 MB/s
spill  2bma_23                       0.0 MB    0.00 s     80 MB/s
mul    c_23                      0.0 + 0.0 MB  (direct)
reload fa_23.bin                     0.0 MB    0.00 s    132 MB/s
reload 2bma_23.bin                   0.0 MB    0.00 s    128 MB/s
spill  c_23                          0.0 MB    0.00 s     84 MB/s
mul    c_23                      done  0.00 s
reload fa_23.bin                     0.0 MB    0.00 s    152 MB/s
spill  a2_23                         0.0 MB    0.00 s    133 MB/s
reload fb_23.bin                     0.0 MB    0.00 s    163 MB/s
spill  b2_23                         0.0 MB    0.00 s    139 MB/s
reload a2_23.bin                     0.0 MB    0.00 s    337 MB/s
reload b2_23.bin                     0.0 MB    0.00 s    437 MB/s
spill  d_23                          0.0 MB    0.00 s    147 MB/s
reload c_23.bin                      0.0 MB    0.00 s    335 MB/s
reload d_23.bin                      0.0 MB    0.00 s    388 MB/s
spill  fa_22                         0.0 MB    0.00 s    142 MB/s
spill  fb_22                         0.0 MB    0.00 s    102 MB/s
fib    n=35762                 done  0.00 s
fib    n=71525                 step odd
reload fb_22.bin                     0.0 MB    0.00 s    370 MB/s
spill  2b_22                         0.0 MB    0.00 s    157 MB/s
reload 2b_22.bin                     0.0 MB    0.00 s    383 MB/s
reload fa_22.bin                     0.0 MB    0.00 s    479 MB/s
spill  2bma_22                       0.0 MB    0.00 s    155 MB/s
mul    c_22                      0.0 + 0.0 MB  (direct)
reload fa_22.bin                     0.0 MB    0.00 s    296 MB/s
reload 2bma_22.bin                   0.0 MB    0.00 s    468 MB/s
spill  c_22                          0.0 MB    0.00 s    202 MB/s
mul    c_22                      done  0.00 s
reload fa_22.bin                     0.0 MB    0.00 s    327 MB/s
spill  a2_22                         0.0 MB    0.00 s     64 MB/s
reload fb_22.bin                     0.0 MB    0.00 s    268 MB/s
spill  b2_22                         0.0 MB    0.00 s    225 MB/s
reload a2_22.bin                     0.0 MB    0.00 s    571 MB/s
reload b2_22.bin                     0.0 MB    0.00 s    543 MB/s
spill  d_22                          0.0 MB    0.00 s    233 MB/s
reload c_22.bin                      0.0 MB    0.00 s    586 MB/s
reload d_22.bin                      0.0 MB    0.00 s    755 MB/s
spill  cd_22                         0.0 MB    0.00 s    250 MB/s
reload d_22.bin                      0.0 MB    0.00 s    565 MB/s
reload cd_22.bin                     0.0 MB    0.00 s    679 MB/s
spill  fa_21                         0.0 MB    0.00 s    247 MB/s
spill  fb_21                         0.0 MB    0.00 s    268 MB/s
fib    n=71525                 done  0.00 s
fib    n=143051                step odd
reload fb_21.bin                     0.0 MB    0.00 s    639 MB/s
spill  2b_21                         0.0 MB    0.00 s    272 MB/s
reload 2b_21.bin                     0.0 MB    0.00 s    696 MB/s
reload fa_21.bin                     0.0 MB    0.00 s    909 MB/s
spill  2bma_21                       0.0 MB    0.00 s    265 MB/s
mul    c_21                      0.0 + 0.0 MB  (direct)
reload fa_21.bin                     0.0 MB    0.00 s    493 MB/s
reload 2bma_21.bin                   0.0 MB    0.00 s    468 MB/s
spill  c_21                          0.0 MB    0.00 s    316 MB/s
mul    c_21                      done  0.00 s
reload fa_21.bin                     0.0 MB    0.00 s    585 MB/s
spill  a2_21                         0.0 MB    0.00 s    362 MB/s
reload fb_21.bin                     0.0 MB    0.00 s    563 MB/s
spill  b2_21                         0.0 MB    0.00 s    372 MB/s
reload a2_21.bin                     0.0 MB    0.00 s   1043 MB/s
reload b2_21.bin                     0.0 MB    0.00 s   1015 MB/s
spill  d_21                          0.0 MB    0.00 s    384 MB/s
reload c_21.bin                      0.0 MB    0.00 s   1105 MB/s
reload d_21.bin                      0.0 MB    0.00 s   1367 MB/s
spill  cd_21                         0.0 MB    0.00 s    418 MB/s
reload d_21.bin                      0.0 MB    0.00 s   1027 MB/s
reload cd_21.bin                     0.0 MB    0.00 s   1237 MB/s
spill  fa_20                         0.0 MB    0.00 s    425 MB/s
spill  fb_20                         0.0 MB    0.00 s    465 MB/s
fib    n=143051                done  0.00 s
fib    n=286102                step even
reload fb_20.bin                     0.0 MB    0.00 s   1166 MB/s
spill  2b_20                         0.0 MB    0.00 s    331 MB/s
reload 2b_20.bin                     0.0 MB    0.00 s   1242 MB/s
reload fa_20.bin                     0.0 MB    0.00 s   1431 MB/s
spill  2bma_20                       0.0 MB    0.00 s    426 MB/s
mul    c_20                      0.0 + 0.0 MB  (direct)
reload fa_20.bin                     0.0 MB    0.00 s   1019 MB/s
reload 2bma_20.bin                   0.0 MB    0.00 s   1435 MB/s
spill  c_20                          0.0 MB    0.00 s    596 MB/s
mul    c_20                      done  0.00 s
reload fa_20.bin                     0.0 MB    0.00 s   1087 MB/s
spill  a2_20                         0.0 MB    0.00 s    632 MB/s
reload fb_20.bin                     0.0 MB    0.00 s    790 MB/s
spill  b2_20                         0.0 MB    0.00 s    609 MB/s
reload a2_20.bin                     0.0 MB    0.00 s   1338 MB/s
reload b2_20.bin                     0.0 MB    0.00 s   1791 MB/s
spill  d_20                          0.0 MB    0.00 s    629 MB/s
reload c_20.bin                      0.0 MB    0.00 s   1803 MB/s
reload d_20.bin                      0.0 MB    0.00 s   2077 MB/s
spill  fa_19                         0.0 MB    0.00 s    724 MB/s
spill  fb_19                         0.0 MB    0.00 s    762 MB/s
fib    n=286102                done  0.00 s
fib    n=572204                step even
reload fb_19.bin                     0.0 MB    0.00 s   2067 MB/s
spill  2b_19                         0.0 MB    0.00 s    562 MB/s
reload 2b_19.bin                     0.0 MB    0.00 s   1920 MB/s
reload fa_19.bin                     0.0 MB    0.00 s   2396 MB/s
spill  2bma_19                       0.0 MB    0.00 s    699 MB/s
mul    c_19                      0.0 + 0.0 MB  (direct)
reload fa_19.bin                     0.0 MB    0.00 s   1750 MB/s
reload 2bma_19.bin                   0.0 MB    0.00 s   2386 MB/s
spill  c_19                          0.0 MB    0.00 s    877 MB/s
mul    c_19                      done  0.00 s
reload fa_19.bin                     0.0 MB    0.00 s   1286 MB/s
spill  a2_19                         0.0 MB    0.00 s    644 MB/s
reload fb_19.bin                     0.0 MB    0.00 s   1186 MB/s
spill  b2_19                         0.0 MB    0.00 s    658 MB/s
reload a2_19.bin                     0.0 MB    0.00 s   2635 MB/s
reload b2_19.bin                     0.0 MB    0.00 s   3532 MB/s
spill  d_19                          0.0 MB    0.00 s    886 MB/s
reload c_19.bin                      0.0 MB    0.00 s   2935 MB/s
reload d_19.bin                      0.0 MB    0.00 s   3382 MB/s
spill  fa_18                         0.0 MB    0.00 s   1067 MB/s
spill  fb_18                         0.0 MB    0.00 s    858 MB/s
fib    n=572204                done  0.00 s
fib    n=1144409               step odd
reload fb_18.bin                     0.0 MB    0.00 s   3466 MB/s
spill  2b_18                         0.0 MB    0.00 s   1062 MB/s
reload 2b_18.bin                     0.0 MB    0.00 s   3554 MB/s
reload fa_18.bin                     0.0 MB    0.00 s   3997 MB/s
spill  2bma_18                       0.0 MB    0.00 s   1062 MB/s
mul    c_18                      0.0 + 0.0 MB  (direct)
reload fa_18.bin                     0.0 MB    0.00 s   2751 MB/s
reload 2bma_18.bin                   0.0 MB    0.00 s   3516 MB/s
spill  c_18                          0.1 MB    0.00 s    624 MB/s
mul    c_18                      done  0.00 s
reload fa_18.bin                     0.0 MB    0.00 s   2578 MB/s
spill  a2_18                         0.1 MB    0.00 s   1327 MB/s
reload fb_18.bin                     0.0 MB    0.00 s   2489 MB/s
spill  b2_18                         0.1 MB    0.00 s   1276 MB/s
reload a2_18.bin                     0.1 MB    0.00 s   4592 MB/s
reload b2_18.bin                     0.1 MB    0.00 s   2948 MB/s
spill  d_18                          0.1 MB    0.00 s   1231 MB/s
reload c_18.bin                      0.1 MB    0.00 s   4006 MB/s
reload d_18.bin                      0.1 MB    0.00 s   2856 MB/s
spill  cd_18                         0.1 MB    0.00 s   1369 MB/s
reload d_18.bin                      0.1 MB    0.00 s   3623 MB/s
reload cd_18.bin                     0.1 MB    0.00 s   2829 MB/s
spill  fa_17                         0.1 MB    0.00 s    691 MB/s
spill  fb_17                         0.1 MB    0.00 s   1395 MB/s
fib    n=1144409               done  0.01 s
fib    n=2288818               step even
reload fb_17.bin                     0.1 MB    0.00 s   4512 MB/s
spill  2b_17                         0.1 MB    0.00 s   1456 MB/s
reload 2b_17.bin                     0.1 MB    0.00 s   4750 MB/s
reload fa_17.bin                     0.1 MB    0.00 s   2956 MB/s
spill  2bma_17                       0.1 MB    0.00 s   1420 MB/s
mul    c_17                      0.1 + 0.1 MB  (direct)
reload fa_17.bin                     0.1 MB    0.00 s   3643 MB/s
reload 2bma_17.bin                   0.1 MB    0.00 s   2902 MB/s
spill  c_17                          0.2 MB    0.00 s   1354 MB/s
mul    c_17                      done  0.00 s
reload fa_17.bin                     0.1 MB    0.00 s   4003 MB/s
spill  a2_17                         0.2 MB    0.00 s   1549 MB/s
reload fb_17.bin                     0.1 MB    0.00 s   3546 MB/s
spill  b2_17                         0.2 MB    0.00 s   1636 MB/s
reload a2_17.bin                     0.2 MB    0.00 s   5484 MB/s
reload b2_17.bin                     0.2 MB    0.00 s   6805 MB/s
spill  d_17                          0.2 MB    0.00 s   1758 MB/s
reload c_17.bin                      0.2 MB    0.00 s   5425 MB/s
reload d_17.bin                      0.2 MB    0.00 s   4256 MB/s
spill  fa_16                         0.2 MB    0.00 s   1899 MB/s
spill  fb_16                         0.2 MB    0.00 s   1288 MB/s
fib    n=2288818               done  0.01 s
fib    n=4577636               step even
reload fb_16.bin                     0.2 MB    0.00 s   6610 MB/s
spill  2b_16                         0.2 MB    0.00 s   1882 MB/s
reload 2b_16.bin                     0.2 MB    0.00 s   6805 MB/s
reload fa_16.bin                     0.2 MB    0.00 s   6811 MB/s
spill  2bma_16                       0.2 MB    0.00 s   1839 MB/s
mul    c_16                      0.2 + 0.2 MB  (direct)
reload fa_16.bin                     0.2 MB    0.00 s   4639 MB/s
reload 2bma_16.bin                   0.2 MB    0.00 s   4410 MB/s
spill  c_16                          0.4 MB    0.00 s   1954 MB/s
mul    c_16                      done  0.01 s
reload fa_16.bin                     0.2 MB    0.00 s   5471 MB/s
spill  a2_16                         0.4 MB    0.00 s   1528 MB/s
reload fb_16.bin                     0.2 MB    0.00 s   4821 MB/s
spill  b2_16                         0.4 MB    0.00 s   2115 MB/s
reload a2_16.bin                     0.4 MB    0.00 s   7747 MB/s
reload b2_16.bin                     0.4 MB    0.00 s   4027 MB/s
spill  d_16                          0.4 MB    0.00 s   1645 MB/s
reload c_16.bin                      0.4 MB    0.00 s   3681 MB/s
reload d_16.bin                      0.4 MB    0.00 s   3167 MB/s
spill  fa_15                         0.4 MB    0.00 s   2207 MB/s
spill  fb_15                         0.4 MB    0.00 s   2099 MB/s
fib    n=4577636               done  0.02 s
fib    n=9155273               step odd
reload fb_15.bin                     0.4 MB    0.00 s   3894 MB/s
spill  2b_15                         0.4 MB    0.00 s   2147 MB/s
reload 2b_15.bin                     0.4 MB    0.00 s   3879 MB/s
reload fa_15.bin                     0.4 MB    0.00 s   3220 MB/s
spill  2bma_15                       0.4 MB    0.00 s   2146 MB/s
mul    c_15                      0.4 + 0.4 MB  (direct)
reload fa_15.bin                     0.4 MB    0.00 s   3362 MB/s
reload 2bma_15.bin                   0.4 MB    0.00 s   3133 MB/s
spill  c_15                          0.8 MB    0.00 s    974 MB/s
mul    c_15                      done  0.02 s
reload fa_15.bin                     0.4 MB    0.00 s   3946 MB/s
spill  a2_15                         0.8 MB    0.00 s   1706 MB/s
reload fb_15.bin                     0.4 MB    0.00 s   4136 MB/s
spill  b2_15                         0.8 MB    0.00 s   2131 MB/s
reload a2_15.bin                     0.8 MB    0.00 s   9848 MB/s
reload b2_15.bin                     0.8 MB    0.00 s   6308 MB/s
spill  d_15                          0.8 MB    0.00 s   2131 MB/s
reload c_15.bin                      0.8 MB    0.00 s   2886 MB/s
reload d_15.bin                      0.8 MB    0.00 s   2975 MB/s
spill  cd_15                         0.8 MB    0.00 s   1982 MB/s
reload d_15.bin                      0.8 MB    0.00 s   3087 MB/s
reload cd_15.bin                     0.8 MB    0.00 s   3492 MB/s
spill  fa_14                         0.8 MB    0.00 s   2342 MB/s
spill  fb_14                         0.8 MB    0.00 s   2202 MB/s
fib    n=9155273               done  0.05 s
fib    n=18310546              step even
reload fb_14.bin                     0.8 MB    0.00 s   3910 MB/s
spill  2b_14                         0.8 MB    0.00 s   2332 MB/s
reload 2b_14.bin                     0.8 MB    0.00 s   3911 MB/s
reload fa_14.bin                     0.8 MB    0.00 s   3530 MB/s
spill  2bma_14                       0.8 MB    0.00 s   1861 MB/s
mul    c_14                      0.8 + 0.8 MB  (direct)
reload fa_14.bin                     0.8 MB    0.00 s   3254 MB/s
reload 2bma_14.bin                   0.8 MB    0.00 s   3461 MB/s
spill  c_14                          1.6 MB    0.00 s   2255 MB/s
mul    c_14                      done  0.04 s
reload fa_14.bin                     0.8 MB    0.00 s   8283 MB/s
spill  a2_14                         1.6 MB    0.00 s   2472 MB/s
reload fb_14.bin                     0.8 MB    0.00 s   6163 MB/s
spill  b2_14                         1.6 MB    0.00 s   2228 MB/s
reload a2_14.bin                     1.6 MB    0.00 s   8482 MB/s
reload b2_14.bin                     1.6 MB    0.00 s   5776 MB/s
spill  d_14                          1.6 MB    0.00 s   2162 MB/s
reload c_14.bin                      1.6 MB    0.00 s   2962 MB/s
reload d_14.bin                      1.6 MB    0.00 s   3441 MB/s
spill  fa_13                         1.6 MB    0.00 s   2454 MB/s
spill  fb_13                         1.6 MB    0.00 s   2260 MB/s
fib    n=18310546              done  0.09 s
fib    n=36621093              step odd
reload fb_13.bin                     1.6 MB    0.00 s  12677 MB/s
spill  2b_13                         1.6 MB    0.00 s   2452 MB/s
reload 2b_13.bin                     1.6 MB    0.00 s  12824 MB/s
reload fa_13.bin                     1.6 MB    0.00 s  11744 MB/s
spill  2bma_13                       1.6 MB    0.00 s   2301 MB/s
mul    c_13                      1.6 + 1.6 MB  (direct)
reload fa_13.bin                     1.6 MB    0.00 s   3030 MB/s
reload 2bma_13.bin                   1.6 MB    0.00 s   3457 MB/s
spill  c_13                          3.2 MB    0.00 s   2343 MB/s
mul    c_13                      done  0.08 s
reload fa_13.bin                     1.6 MB    0.00 s   5007 MB/s
spill  a2_13                         3.2 MB    0.00 s   2228 MB/s
reload fb_13.bin                     1.6 MB    0.00 s   2272 MB/s
spill  b2_13                         3.2 MB    0.00 s   2399 MB/s
reload a2_13.bin                     3.2 MB    0.00 s   5489 MB/s
reload b2_13.bin                     3.2 MB    0.00 s   4236 MB/s
spill  d_13                          3.2 MB    0.00 s   2211 MB/s
reload c_13.bin                      3.2 MB    0.00 s   2686 MB/s
reload d_13.bin                      3.2 MB    0.00 s   3385 MB/s
spill  cd_13                         3.2 MB    0.00 s   2213 MB/s
reload d_13.bin                      3.2 MB    0.00 s   2354 MB/s
reload cd_13.bin                     3.2 MB    0.00 s   3581 MB/s
spill  fa_12                         3.2 MB    0.00 s   2252 MB/s
spill  fb_12                         3.2 MB    0.00 s   2292 MB/s
fib    n=36621093              done  0.21 s
fib    n=73242187              step odd
reload fb_12.bin                     3.2 MB    0.00 s  10680 MB/s
spill  2b_12                         3.2 MB    0.00 s   1987 MB/s
reload 2b_12.bin                     3.2 MB    0.00 s   9286 MB/s
reload fa_12.bin                     3.2 MB    0.00 s   5930 MB/s
spill  2bma_12                       3.2 MB    0.00 s   2087 MB/s
mul    c_12                      3.2 + 3.2 MB  (direct)
reload fa_12.bin                     3.2 MB    0.00 s   2430 MB/s
reload 2bma_12.bin                   3.2 MB    0.00 s   3906 MB/s
spill  c_12                          6.4 MB    0.00 s   1656 MB/s
mul    c_12                      done  0.19 s
reload fa_12.bin                     3.2 MB    0.00 s   4953 MB/s
spill  a2_12                         6.4 MB    0.00 s   2089 MB/s
reload fb_12.bin                     3.2 MB    0.00 s   3749 MB/s
spill  b2_12                         6.4 MB    0.00 s   2002 MB/s
reload a2_12.bin                     6.4 MB    0.00 s   4820 MB/s
reload b2_12.bin                     6.4 MB    0.00 s   3948 MB/s
spill  d_12                          6.4 MB    0.00 s   1966 MB/s
reload c_12.bin                      6.4 MB    0.00 s   3265 MB/s
reload d_12.bin                      6.4 MB    0.00 s   3144 MB/s
spill  cd_12                         6.4 MB    0.00 s   1899 MB/s
reload d_12.bin                      6.4 MB    0.00 s   2958 MB/s
reload cd_12.bin                     6.4 MB    0.00 s   3319 MB/s
spill  fa_11                         6.4 MB    0.00 s   1967 MB/s
spill  fb_11                         6.4 MB    0.00 s   1916 MB/s
fib    n=73242187              done  0.47 s
fib    n=146484375             step odd
reload fb_11.bin                     6.4 MB    0.00 s   7021 MB/s
spill  2b_11                         6.4 MB    0.00 s   2157 MB/s
reload 2b_11.bin                     6.4 MB    0.00 s   6374 MB/s
reload fa_11.bin                     6.4 MB    0.00 s   4884 MB/s
spill  2bma_11                       6.4 MB    0.00 s   2037 MB/s
mul    c_11                      6.4 + 6.4 MB  (direct)
reload fa_11.bin                     6.4 MB    0.00 s   2994 MB/s
reload 2bma_11.bin                   6.4 MB    0.00 s   3165 MB/s
spill  c_11                         12.7 MB    0.01 s   1745 MB/s
mul    c_11                      done  0.40 s
reload fa_11.bin                     6.4 MB    0.00 s   4751 MB/s
spill  a2_11                        12.7 MB    0.01 s   1655 MB/s
reload fb_11.bin                     6.4 MB    0.00 s   4311 MB/s
spill  b2_11                        12.7 MB    0.01 s   1846 MB/s
reload a2_11.bin                    12.7 MB    0.00 s   5016 MB/s
reload b2_11.bin                    12.7 MB    0.00 s   3630 MB/s
spill  d_11                         12.7 MB    0.01 s   1862 MB/s
reload c_11.bin                     12.7 MB    0.00 s   2972 MB/s
reload d_11.bin                     12.7 MB    0.00 s   3296 MB/s
spill  cd_11                        12.7 MB    0.01 s   1758 MB/s
reload d_11.bin                     12.7 MB    0.00 s   3015 MB/s
reload cd_11.bin                    12.7 MB    0.00 s   3378 MB/s
spill  fa_10                        12.7 MB    0.01 s   1729 MB/s
spill  fb_10                        12.7 MB    0.01 s   1900 MB/s
fib    n=146484375             done  1.03 s
fib    n=292968750             step even
reload fb_10.bin                    12.7 MB    0.00 s   5132 MB/s
spill  2b_10                        12.7 MB    0.01 s   1843 MB/s
reload 2b_10.bin                    12.7 MB    0.00 s   5110 MB/s
reload fa_10.bin                    12.7 MB    0.00 s   5015 MB/s
spill  2bma_10                      12.7 MB    0.01 s   1819 MB/s
mul    c_10                      12.7 + 12.7 MB  (direct)
reload fa_10.bin                    12.7 MB    0.00 s   2984 MB/s
reload 2bma_10.bin                  12.7 MB    0.00 s   2774 MB/s
spill  c_10                         25.4 MB    0.01 s   1721 MB/s
mul    c_10                      done  0.91 s
reload fa_10.bin                    12.7 MB    0.00 s   5091 MB/s
spill  a2_10                        25.4 MB    0.01 s   1843 MB/s
reload fb_10.bin                    12.7 MB    0.00 s   3968 MB/s
spill  b2_10                        25.4 MB    0.01 s   1745 MB/s
reload a2_10.bin                    25.4 MB    0.01 s   4881 MB/s
reload b2_10.bin                    25.4 MB    0.01 s   3566 MB/s
spill  d_10                         25.4 MB    0.01 s   1791 MB/s
reload c_10.bin                     25.4 MB    0.01 s   3301 MB/s
reload d_10.bin                     25.4 MB    0.01 s   3190 MB/s
spill  fa_9                         25.4 MB    0.01 s   1733 MB/s
spill  fb_9                         25.4 MB    0.01 s   1758 MB/s
fib    n=292968750             done  2.21 s
fib    n=585937500             step even
reload fb_9.bin                     25.4 MB    0.01 s   4857 MB/s
spill  2b_9                         25.4 MB    0.01 s   1789 MB/s
reload 2b_9.bin                     25.4 MB    0.01 s   5024 MB/s
reload fa_9.bin                     25.4 MB    0.01 s   4436 MB/s
spill  2bma_9                       25.4 MB    0.01 s   1779 MB/s
mul    c_9                       25.4 + 25.4 MB  (direct)
reload fa_9.bin                     25.4 MB    0.01 s   2983 MB/s
reload 2bma_9.bin                   25.4 MB    0.01 s   3480 MB/s
spill  c_9                          50.8 MB    0.03 s   1842 MB/s
mul    c_9                       done  1.80 s
reload fa_9.bin                     25.4 MB    0.00 s   5162 MB/s
spill  a2_9                         50.8 MB    0.03 s   1833 MB/s
reload fb_9.bin                     25.4 MB    0.01 s   3108 MB/s
spill  b2_9                         50.8 MB    0.03 s   1939 MB/s
reload a2_9.bin                     50.8 MB    0.01 s   3575 MB/s
reload b2_9.bin                     50.8 MB    0.01 s   3605 MB/s
spill  d_9                          50.8 MB    0.03 s   1859 MB/s
reload c_9.bin                      50.8 MB    0.01 s   3483 MB/s
reload d_9.bin                      50.8 MB    0.01 s   3408 MB/s
spill  fa_8                         50.8 MB    0.03 s   1735 MB/s
spill  fb_8                         50.8 MB    0.03 s   1828 MB/s
fib    n=585937500             done  4.36 s
fib    n=1171875000            step even
reload fb_8.bin                     50.8 MB    0.01 s   3512 MB/s
spill  2b_8                         50.8 MB    0.03 s   1843 MB/s
reload 2b_8.bin                     50.8 MB    0.01 s   3629 MB/s
reload fa_8.bin                     50.8 MB    0.01 s   3495 MB/s
spill  2bma_8                       50.8 MB    0.03 s   1860 MB/s
mul    c_8                       50.8 + 50.8 MB  (direct)
reload fa_8.bin                     50.8 MB    0.02 s   3131 MB/s
reload 2bma_8.bin                   50.8 MB    0.01 s   3554 MB/s
spill  c_8                         101.7 MB    0.05 s   1862 MB/s
mul    c_8                       done  3.89 s
reload fa_8.bin                     50.8 MB    0.01 s   3458 MB/s
spill  a2_8                        101.7 MB    0.06 s   1848 MB/s
reload fb_8.bin                     50.8 MB    0.02 s   3048 MB/s
spill  b2_8                        101.7 MB    0.05 s   1883 MB/s
reload a2_8.bin                    101.7 MB    0.03 s   3541 MB/s
reload b2_8.bin                    101.7 MB    0.03 s   3602 MB/s
spill  d_8                         101.7 MB    0.06 s   1736 MB/s
reload c_8.bin                     101.7 MB    0.03 s   3348 MB/s
reload d_8.bin                     101.7 MB    0.03 s   3571 MB/s
spill  fa_7                        101.7 MB    0.06 s   1719 MB/s
spill  fb_7                        101.7 MB    0.06 s   1791 MB/s
fib    n=1171875000            done  9.51 s
fib    n=2343750000            step even
reload fb_7.bin                    101.7 MB    0.03 s   3448 MB/s
spill  2b_7                        101.7 MB    0.06 s   1825 MB/s
reload 2b_7.bin                    101.7 MB    0.03 s   3563 MB/s
reload fa_7.bin                    101.7 MB    0.03 s   3380 MB/s
spill  2bma_7                      101.7 MB    0.06 s   1737 MB/s
mul    c_7                       101.7 + 101.7 MB  (direct)
reload fa_7.bin                    101.7 MB    0.03 s   2993 MB/s
reload 2bma_7.bin                  101.7 MB    0.03 s   3498 MB/s
spill  c_7                         203.4 MB    0.11 s   1829 MB/s
mul    c_7                       done  8.03 s
reload fa_7.bin                    101.7 MB    0.03 s   3502 MB/s
spill  a2_7                        203.4 MB    0.11 s   1892 MB/s
reload fb_7.bin                    101.7 MB    0.03 s   3122 MB/s
spill  b2_7                        203.4 MB    0.11 s   1799 MB/s
reload a2_7.bin                    203.4 MB    0.06 s   3553 MB/s
reload b2_7.bin                    203.4 MB    0.06 s   3526 MB/s
spill  d_7                         203.4 MB    0.11 s   1791 MB/s
reload c_7.bin                     203.4 MB    0.06 s   3619 MB/s
reload d_7.bin                     203.4 MB    0.06 s   3679 MB/s
spill  fa_6                        203.4 MB    0.11 s   1811 MB/s
spill  fb_6                        203.4 MB    0.11 s   1900 MB/s
fib    n=2343750000            done  19.66 s
fib    n=4687500000            step even
reload fb_6.bin                    203.4 MB    0.06 s   3628 MB/s
spill  2b_6                        203.4 MB    0.11 s   1842 MB/s
reload 2b_6.bin                    203.4 MB    0.06 s   3691 MB/s
reload fa_6.bin                    203.4 MB    0.06 s   3560 MB/s
spill  2bma_6                      203.4 MB    0.11 s   1819 MB/s
mul    c_6                       203.4 + 203.4 MB  (direct)
reload fa_6.bin                    203.4 MB    0.06 s   3164 MB/s
reload 2bma_6.bin                  203.4 MB    0.05 s   3738 MB/s
spill  c_6                         406.8 MB    0.21 s   1920 MB/s
mul    c_6                       done  16.79 s
reload fa_6.bin                    203.4 MB    0.06 s   3673 MB/s
spill  a2_6                        406.8 MB    0.21 s   1936 MB/s
reload fb_6.bin                    203.4 MB    0.06 s   3341 MB/s
spill  b2_6                        406.8 MB    0.21 s   1897 MB/s
reload a2_6.bin                    406.8 MB    0.11 s   3841 MB/s
reload b2_6.bin                    406.8 MB    0.11 s   3832 MB/s
spill  d_6                         406.8 MB    0.21 s   1896 MB/s
reload c_6.bin                     406.8 MB    0.11 s   3842 MB/s
reload d_6.bin                     406.8 MB    0.11 s   3842 MB/s
spill  fa_5                        406.8 MB    0.22 s   1884 MB/s
spill  fb_5                        406.8 MB    0.21 s   1910 MB/s
fib    n=4687500000            done  40.23 s
fib    n=9375000000            step even
reload fb_5.bin                    406.8 MB    0.11 s   3848 MB/s
spill  2b_5                        406.8 MB    0.21 s   1906 MB/s
reload 2b_5.bin                    406.8 MB    0.10 s   3920 MB/s
reload fa_5.bin                    406.8 MB    0.11 s   3695 MB/s
spill  2bma_5                      406.8 MB    0.21 s   1906 MB/s
mul    c_5                       406.8 + 406.8 MB  (direct)
reload fa_5.bin                    406.8 MB    0.12 s   3318 MB/s
reload 2bma_5.bin                  406.8 MB    0.10 s   3920 MB/s
spill  c_5                         813.6 MB    0.55 s   1482 MB/s
mul    c_5                       done  33.98 s
reload fa_5.bin                    406.8 MB    0.12 s   3504 MB/s
spill  a2_5                        813.6 MB    0.42 s   1929 MB/s
reload fb_5.bin                    406.8 MB    0.12 s   3360 MB/s
spill  b2_5                        813.6 MB    0.44 s   1855 MB/s
reload a2_5.bin                    813.6 MB    0.20 s   3981 MB/s
reload b2_5.bin                    813.6 MB    0.21 s   3968 MB/s
spill  d_5                         813.6 MB    0.44 s   1855 MB/s
reload c_5.bin                     813.6 MB    0.21 s   3962 MB/s
reload d_5.bin                     813.6 MB    0.22 s   3738 MB/s
spill  fa_4                        813.6 MB    0.45 s   1813 MB/s
spill  fb_4                        813.6 MB    0.44 s   1839 MB/s
fib    n=9375000000            done  82.22 s
fib    n=18750000000           step even
reload fb_4.bin                    813.6 MB    0.22 s   3675 MB/s
spill  2b_4                        813.6 MB    0.47 s   1743 MB/s
reload 2b_4.bin                    813.6 MB    0.22 s   3777 MB/s
reload fa_4.bin                    813.6 MB    0.22 s   3760 MB/s
spill  2bma_4                      813.6 MB    0.43 s   1896 MB/s
mul    c_4                       813.6 + 813.6 MB  (direct)
reload fa_4.bin                    813.6 MB    0.24 s   3374 MB/s
reload 2bma_4.bin                  813.6 MB    0.21 s   3868 MB/s
spill  c_4                        1627.1 MB    0.84 s   1940 MB/s
mul    c_4                       done  71.27 s
reload fa_4.bin                    813.6 MB    0.22 s   3705 MB/s
spill  a2_4                       1627.1 MB    0.84 s   1946 MB/s
reload fb_4.bin                    813.6 MB    0.23 s   3483 MB/s
spill  b2_4                       1627.1 MB    0.84 s   1930 MB/s
reload a2_4.bin                   1627.1 MB    0.41 s   3971 MB/s
reload b2_4.bin                   1627.1 MB    0.44 s   3661 MB/s
spill  d_4                        1627.1 MB    0.86 s   1892 MB/s
reload c_4.bin                    1627.1 MB    0.41 s   3960 MB/s
reload d_4.bin                    1627.1 MB    0.41 s   4003 MB/s
spill  fa_3                       1627.1 MB    0.87 s   1873 MB/s
spill  fb_3                       1627.1 MB    0.86 s   1901 MB/s
fib    n=18750000000           done  173.12 s
fib    n=37500000000           step even
reload fb_3.bin                   1627.1 MB    0.41 s   3980 MB/s
spill  2b_3                       1627.1 MB    0.86 s   1901 MB/s
reload 2b_3.bin                   1627.1 MB    0.41 s   3986 MB/s
reload fa_3.bin                   1627.1 MB    0.42 s   3847 MB/s
spill  2bma_3                     1627.1 MB    0.85 s   1914 MB/s
mul    c_3                       1627.1 + 1627.1 MB  (direct)
reload fa_3.bin                   1627.1 MB    0.47 s   3435 MB/s
reload 2bma_3.bin                 1627.1 MB    0.40 s   4019 MB/s
spill  c_3                        3254.3 MB    1.66 s   1957 MB/s
mul    c_3                       done  159.78 s
reload fa_3.bin                   1627.1 MB    0.42 s   3862 MB/s
spill  a2_3                       3254.3 MB    1.67 s   1953 MB/s
reload fb_3.bin                   1627.1 MB    0.46 s   3549 MB/s
spill  b2_3                       3254.3 MB    1.73 s   1879 MB/s
reload a2_3.bin                   3254.3 MB    0.82 s   3962 MB/s
reload b2_3.bin                   3254.3 MB    0.83 s   3905 MB/s
spill  d_3                        3254.3 MB    1.71 s   1904 MB/s
reload c_3.bin                    3254.3 MB    0.81 s   3998 MB/s
reload d_3.bin                    3254.3 MB    0.81 s   4028 MB/s
spill  fa_2                       3254.3 MB    1.69 s   1920 MB/s
spill  fb_2                       3254.3 MB    1.68 s   1936 MB/s
fib    n=37500000000           done  389.56 s
fib    n=75000000000           step even
reload fb_2.bin                   3254.3 MB    0.81 s   4018 MB/s
spill  2b_2                       3254.3 MB    1.70 s   1919 MB/s
reload 2b_2.bin                   3254.3 MB    0.81 s   4019 MB/s
reload fa_2.bin                   3254.3 MB    0.83 s   3935 MB/s
spill  2bma_2                     3254.3 MB    1.84 s   1771 MB/s
mul    c_2                       3254.3 + 3254.3 MB  (direct)
reload fa_2.bin                   3254.3 MB    0.93 s   3483 MB/s
reload 2bma_2.bin                 3254.3 MB    0.81 s   4029 MB/s
spill  c_2                        6508.5 MB    3.35 s   1943 MB/s
mul    c_2                       done  347.43 s
reload fa_2.bin                   3254.3 MB    0.83 s   3929 MB/s
